2025-11-24 10:29:13,872 - Knowledge - INFO - Created shared MongoDB connection pool
2025-11-24 10:29:13,873 - Knowledge - INFO - Starting Knowledge Graph processing with 20 threads
2025-11-24 10:29:13,873 - Knowledge - INFO - Initial configuration: chunk_size=65536, max_cache_size=500
2025-11-24 10:29:13,873 - Knowledge - INFO - Knowledge Graph concurrency configuration: workers=20, max_batch_size=25, max_concurrent_llm_calls=50
2025-11-24 10:29:14,966 - Knowledge - INFO - 🔍 _load_persisted_knowledge called - checking for Redis optimization
2025-11-24 10:29:14,966 - Knowledge - WARNING - ❌ load_from_redis method not found - Redis support not attached
2025-11-24 10:29:14,966 - Knowledge - INFO - load persisted knowledge: begin
2025-11-24 10:29:14,966 - Knowledge - INFO - Loaded 0 files from persisted knowledge
2025-11-24 10:29:14,966 - Knowledge - INFO - load persisted knowledge: end
2025-11-24 10:29:14,967 - Knowledge - WARNING - No persisted knowledge found. Files will be queued during start()
2025-11-24 10:29:14,967 - Knowledge - INFO - 🔧 add_redis_support_to_knowledge called - knowledge_instance.id: hLwC5Y-b6042us, build_ids: ['b6042us']
2025-11-24 10:29:14,967 - Knowledge - INFO - 🔧 Using build_ids[0] for Redis prefix: b6042us
2025-11-24 10:29:14,967 - Knowledge - INFO - 🔧 Redis prefix set to: knowledge:b6042us:
2025-11-24 10:29:14,967 - Knowledge - INFO - 🔧 Redis support added - prefix: knowledge:b6042us:, stored build_ids: ['b6042us']
2025-11-24 10:29:14,967 - Knowledge - INFO - Redis support added with prefix knowledge:b6042us:
2025-11-24 10:29:14,968 - Knowledge - INFO - Starting knowledge initialization for ID: hLwC5Y-b6042us
2025-11-24 10:29:14,968 - Knowledge - INFO - 🔍 Checking Redis for build_id: b6042us
2025-11-24 10:29:14,968 - Knowledge - INFO - 🔍 Full session ID: hLwC5Y-b6042us
2025-11-24 10:29:14,968 - Knowledge - INFO - 🔍 Redis prefix will be: knowledge:b6042us:
2025-11-24 10:29:14,968 - Knowledge - INFO - 🔍 Using attached load_from_redis() method
2025-11-24 10:29:14,968 - Knowledge - INFO - 🔍 Attempting to load knowledge from Redis...
2025-11-24 10:29:14,968 - Knowledge - INFO - 🔍 Using build_ids for Redis lookup: ['b6042us']
2025-11-24 10:29:14,968 - Knowledge - INFO - 🔍 GETTING FROM REDIS - Requested IDs: ['b6042us']
2025-11-24 10:29:14,968 - Knowledge - INFO - 🔍 GETTING FROM REDIS - ID: b6042us, Prefix: knowledge:b6042us:
2025-11-24 10:29:15,015 - Knowledge - WARNING - ❌ NO DATA FOUND in Redis for IDs: ['b6042us'], Prefixes tried: ['knowledge:b6042us:']
2025-11-24 10:29:15,015 - Knowledge - WARNING - ❌ No Redis cache found
2025-11-24 10:29:15,015 - Knowledge - INFO - 🔍 GETTING FROM REDIS - Requested IDs: ['b6042us']
2025-11-24 10:29:15,015 - Knowledge - INFO - 🔍 GETTING FROM REDIS - ID: b6042us, Prefix: knowledge:b6042us:
2025-11-24 10:29:15,022 - Knowledge - WARNING - ❌ NO DATA FOUND in Redis for IDs: ['b6042us'], Prefixes tried: ['knowledge:b6042us:']
2025-11-24 10:29:15,022 - Knowledge - INFO - 📁 Loading knowledge from disk...
2025-11-24 10:29:15,312 - Knowledge - INFO - load persisted docinfo: begin
2025-11-24 10:29:15,314 - Knowledge - INFO - load persisted docinfo: end
2025-11-24 10:29:15,314 - Knowledge - INFO - 🔍 _load_persisted_knowledge called - checking for Redis optimization
2025-11-24 10:29:15,314 - Knowledge - INFO - ✅ load_from_redis method found - attempting Redis load
2025-11-24 10:29:15,315 - Knowledge - INFO - 🔍 Attempting to load knowledge from Redis...
2025-11-24 10:29:15,315 - Knowledge - INFO - 🔍 Using build_ids for Redis lookup: ['b6042us']
2025-11-24 10:29:15,315 - Knowledge - INFO - 🔍 GETTING FROM REDIS - Requested IDs: ['b6042us']
2025-11-24 10:29:15,315 - Knowledge - INFO - 🔍 GETTING FROM REDIS - ID: b6042us, Prefix: knowledge:b6042us:
2025-11-24 10:29:15,321 - Knowledge - WARNING - ❌ NO DATA FOUND in Redis for IDs: ['b6042us'], Prefixes tried: ['knowledge:b6042us:']
2025-11-24 10:29:15,321 - Knowledge - WARNING - ❌ No Redis cache found
2025-11-24 10:29:15,321 - Knowledge - INFO - ❌ Redis load returned False - falling back to file loading
2025-11-24 10:29:15,321 - Knowledge - INFO - load persisted knowledge: begin
2025-11-24 10:29:15,322 - Knowledge - INFO - Loaded 0 files from persisted knowledge
2025-11-24 10:29:15,322 - Knowledge - INFO - load persisted knowledge: end
2025-11-24 10:29:15,322 - Knowledge - INFO - 📁 Disk load complete in 0.30s
2025-11-24 10:29:15,322 - Knowledge - INFO - Populating ingest queue with source files...
2025-11-24 10:29:15,322 - Knowledge - INFO - Added 0 files from /Users/veera/Documents/kavia-backend/graphnode-backend-api/data/rdk7542/223665/b6042us/Hello-World-223665 to ingest queue
2025-11-24 10:29:15,323 - Knowledge - INFO - Worker kw1 created using shared MongoDB connection pool
2025-11-24 10:29:15,323 - Knowledge - INFO - knowledge worker kw1 start
2025-11-24 10:29:16,285 - Knowledge - INFO - 💾 SAVING TO REDIS - Prefix: knowledge:b6042us:
2025-11-24 10:29:16,285 - Knowledge - INFO - 💾 Files to save: source_files=0, file_info=0, docs=0, code_bases=0
2025-11-24 10:29:16,285 - Knowledge - INFO - 💾 Source files list: []
2025-11-24 10:29:16,285 - Knowledge - INFO - 💾 Code bases: []
2025-11-24 10:29:16,291 - Knowledge - INFO - ✅ Knowledge saved to Redis successfully - Prefix: knowledge:b6042us:, Files: 0
2025-11-24 10:29:19,730 - Knowledge - INFO - 🔍 GETTING FROM REDIS - Requested IDs: ['b6042us']
2025-11-24 10:29:19,731 - Knowledge - INFO - 🔍 GETTING FROM REDIS - ID: b6042us, Prefix: knowledge:b6042us:
2025-11-24 10:29:19,734 - Knowledge - INFO - 🔍 FOUND source_files: 0 files
2025-11-24 10:29:19,734 - Knowledge - INFO - 🔍 FOUND source_code_bases: []
2025-11-24 10:29:19,742 - Knowledge - INFO - ✅ RETRIEVED FROM REDIS - source_files: 0, file_info: 0, code_bases: []
2025-11-24 10:29:19,743 - Knowledge - INFO - 🔍 GETTING FROM REDIS - Requested IDs: ['VQNirG', 'b6042us']
2025-11-24 10:29:19,743 - Knowledge - INFO - 🔍 GETTING FROM REDIS - ID: VQNirG, Prefix: knowledge:VQNirG:
2025-11-24 10:29:19,749 - Knowledge - INFO - 🔍 GETTING FROM REDIS - ID: b6042us, Prefix: knowledge:b6042us:
2025-11-24 10:29:19,750 - Knowledge - INFO - 🔍 FOUND source_files: 0 files
2025-11-24 10:29:19,750 - Knowledge - INFO - 🔍 FOUND source_code_bases: []
2025-11-24 10:29:19,756 - Knowledge - INFO - ✅ RETRIEVED FROM REDIS - source_files: 0, file_info: 0, code_bases: []
